******************************************************************************
             TMS320C2000 Linker PC v6.2.0                      
******************************************************************************
>> Linked Thu Jun 02 23:16:18 2016

OUTPUT FILE NAME:   <modbus.out>
ENTRY POINT SYMBOL: "_c_int00"  address: 0000a3ce


MEMORY CONFIGURATION

         name            origin    length      used     unused   attr    fill
----------------------  --------  ---------  --------  --------  ----  --------
PAGE 0:
  BEGIN                 00000000   00000002  00000002  00000000  RWIX
  RAMM0                 00000050   000003b0  00000000  000003b0  RWIX
  RAML0                 00008000   00001000  00000045  00000fbb  RWIX
  RAML1                 00009000   00002000  0000152a  00000ad6  RWIX
  RAML3                 0000b000   00001000  00000000  00001000  RWIX
  ZONE7A                00200000   0000fc00  00000000  0000fc00  RWIX
  CSM_RSVD              0033ff80   00000076  00000000  00000076  RWIX
  CSM_PWL               0033fff8   00000008  00000000  00000008  RWIX
  ADC_CAL               00380080   00000009  00000007  00000002  RWIX
  IQTABLES              003fe000   00000b50  00000000  00000b50  RWIX
  IQTABLES2             003feb50   0000008c  00000000  0000008c  RWIX
  FPUTABLES             003febdc   000006a0  00000000  000006a0  RWIX
  BOOTROM               003ff27c   00000d44  00000000  00000d44  RWIX
  RESET                 003fffc0   00000002  00000000  00000002  RWIX

PAGE 1:
  BOOT_RSVD             00000002   0000004e  00000000  0000004e  RWIX
  RAMM1                 00000400   00000400  00000300  00000100  RWIX
  DEV_EMU               00000880   00000180  000000d0  000000b0  RWIX
  FLASH_REGS            00000a80   00000060  00000008  00000058  RWIX
  CSM                   00000ae0   00000010  00000010  00000000  RWIX
  ADC_MIRROR            00000b00   00000010  00000010  00000000  RWIX
  XINTF                 00000b20   00000020  0000001e  00000002  RWIX
  CPU_TIMER0            00000c00   00000008  00000008  00000000  RWIX
  CPU_TIMER1            00000c08   00000008  00000008  00000000  RWIX
  CPU_TIMER2            00000c10   00000008  00000008  00000000  RWIX
  PIE_CTRL              00000ce0   00000020  0000001a  00000006  RWIX
  PIE_VECT              00000d00   00000100  00000100  00000000  RWIX
  DMA                   00001000   00000200  000000e0  00000120  RWIX
  MCBSPA                00005000   00000040  00000025  0000001b  RWIX
  MCBSPB                00005040   00000040  00000025  0000001b  RWIX
  ECANA                 00006000   00000040  00000034  0000000c  RWIX
  ECANA_LAM             00006040   00000040  00000040  00000000  RWIX
  ECANA_MOTS            00006080   00000040  00000040  00000000  RWIX
  ECANA_MOTO            000060c0   00000040  00000040  00000000  RWIX
  ECANA_MBOX            00006100   00000100  00000100  00000000  RWIX
  ECANB                 00006200   00000040  00000034  0000000c  RWIX
  ECANB_LAM             00006240   00000040  00000040  00000000  RWIX
  ECANB_MOTS            00006280   00000040  00000040  00000000  RWIX
  ECANB_MOTO            000062c0   00000040  00000040  00000000  RWIX
  ECANB_MBOX            00006300   00000100  00000100  00000000  RWIX
  EPWM1                 00006800   00000022  00000022  00000000  RWIX
  EPWM2                 00006840   00000022  00000022  00000000  RWIX
  EPWM3                 00006880   00000022  00000022  00000000  RWIX
  EPWM4                 000068c0   00000022  00000022  00000000  RWIX
  EPWM5                 00006900   00000022  00000022  00000000  RWIX
  EPWM6                 00006940   00000022  00000022  00000000  RWIX
  ECAP1                 00006a00   00000020  00000020  00000000  RWIX
  ECAP2                 00006a20   00000020  00000020  00000000  RWIX
  ECAP3                 00006a40   00000020  00000020  00000000  RWIX
  ECAP4                 00006a60   00000020  00000020  00000000  RWIX
  ECAP5                 00006a80   00000020  00000020  00000000  RWIX
  ECAP6                 00006aa0   00000020  00000020  00000000  RWIX
  EQEP1                 00006b00   00000040  00000040  00000000  RWIX
  EQEP2                 00006b40   00000040  00000040  00000000  RWIX
  GPIOCTRL              00006f80   00000040  0000002e  00000012  RWIX
  GPIODAT               00006fc0   00000020  00000020  00000000  RWIX
  GPIOINT               00006fe0   00000020  0000000a  00000016  RWIX
  SYSTEM                00007010   00000020  00000020  00000000  RWIX
  SPIA                  00007040   00000010  00000010  00000000  RWIX
  SCIA                  00007050   00000010  00000010  00000000  RWIX
  XINTRUPT              00007070   00000010  00000010  00000000  RWIX
  ADC                   00007100   00000020  0000001e  00000002  RWIX
  SCIB                  00007750   00000010  00000010  00000000  RWIX
  SCIC                  00007770   00000010  00000010  00000000  RWIX
  I2CA                  00007900   00000040  00000022  0000001e  RWIX
  RAML4                 0000c000   00001000  000002a8  00000d58  RWIX
  RAML5                 0000d000   00001000  00000100  00000f00  RWIX
  RAML6                 0000e000   00001000  00000000  00001000  RWIX
  RAML7                 0000f000   00001000  00000000  00001000  RWIX
  ZONE7B                0020fc00   00000400  00000000  00000400  RWIX
  CSM_PWL               0033fff8   00000008  00000008  00000000  RWIX
  PARTID                00380090   00000001  00000001  00000000  RWIX


SECTION ALLOCATION MAP

 output                                  attributes/
section   page    origin      length       input sections
--------  ----  ----------  ----------   ----------------
codestart 
*          0    00000000    00000002     
                  00000000    00000002     DSP2833x_CodeStartBranch.obj (codestart)

.pinit     0    00008000    00000000     UNINITIALIZED

.cinit     0    00008000    00000026     
                  00008000    00000010     main_old.obj (.cinit)
                  00008010    0000000a     rts2800_fpu32.lib : _lock.obj (.cinit)
                  0000801a    0000000a                       : exit.obj (.cinit)
                  00008024    00000002     --HOLE-- [fill = 0]

ramfuncs   0    00008026    0000001f     
                  00008026    0000001b     DSP2833x_SysCtrl.obj (ramfuncs)
                  00008041    00000004     DSP2833x_usDelay.obj (ramfuncs)

.text      0    00009000    0000152a     
                  00009000    00000401     main_old.obj (.text)
                  00009401    000003fe     DSP2833x_DefaultIsr.obj (.text:retain)
                  000097ff    000003f5     DSP2833x_DMA.obj (.text)
                  00009bf4    0000016c     DSP2833x_Mcbsp.obj (.text)
                  00009d60    00000132     DSP2833x_ECan.obj (.text)
                  00009e92    0000011d     main_old.obj (.text:retain)
                  00009faf    000000f6     DSP2833x_Xintf.obj (.text)
                  0000a0a5    000000f3     DSP2833x_SysCtrl.obj (.text)
                  0000a198    000000c8     DSP2833x_EPwm.obj (.text)
                  0000a260    00000074     DSP2833x_CpuTimers.obj (.text)
                  0000a2d4    0000005c     DSP2833x_ECap.obj (.text)
                  0000a330    00000056     DSP2833x_EQep.obj (.text)
                  0000a386    00000048     DSP2833x_Sci.obj (.text)
                  0000a3ce    00000046     rts2800_fpu32.lib : boot.obj (.text)
                  0000a414    0000002a     DSP2833x_Spi.obj (.text)
                  0000a43e    00000028     DSP2833x_PieCtrl.obj (.text)
                  0000a466    00000020     DSP2833x_PieVect.obj (.text)
                  0000a486    00000019     rts2800_fpu32.lib : args_main.obj (.text)
                  0000a49f    00000019                       : exit.obj (.text)
                  0000a4b8    00000017     DSP2833x_Gpio.obj (.text)
                  0000a4cf    00000017     DSP2833x_I2C.obj (.text)
                  0000a4e6    00000015     DSP2833x_MemCopy.obj (.text)
                  0000a4fb    00000014     DSP2833x_Adc.obj (.text)
                  0000a50f    00000009     rts2800_fpu32.lib : _lock.obj (.text)
                  0000a518    00000008     DSP2833x_CodeStartBranch.obj (.text)
                  0000a520    00000007     DSP2833x_DisInt.obj (.text)
                  0000a527    00000003     DSP2833x_DBGIER.obj (.text)

csm_rsvd   0    0033ff80    00000076     DSECT
                  0033ff80    00000076     DSP2833x_CSMPasswords.obj (csm_rsvd)

csmpasswds 
*          0    0033fff8    00000008     DSECT
                  0033fff8    00000008     DSP2833x_CSMPasswords.obj (csmpasswds)

.adc_cal   0    00380080    00000007     NOLOAD SECTION
                  00380080    00000007     DSP2833x_ADC_cal.obj (.adc_cal)

.reset     0    003fffc0    00000002     DSECT
                  003fffc0    00000002     rts2800_fpu32.lib : boot.obj (.reset)

.stack     1    00000400    00000300     UNINITIALIZED
                  00000400    00000300     --HOLE--

DevEmuRegsFile 
*          1    00000880    000000d0     UNINITIALIZED
                  00000880    000000d0     DSP2833x_GlobalVariableDefs.obj (DevEmuRegsFile)

FlashRegsFile 
*          1    00000a80    00000008     UNINITIALIZED
                  00000a80    00000008     DSP2833x_GlobalVariableDefs.obj (FlashRegsFile)

CsmRegsFile 
*          1    00000ae0    00000010     UNINITIALIZED
                  00000ae0    00000010     DSP2833x_GlobalVariableDefs.obj (CsmRegsFile)

AdcMirrorFile 
*          1    00000b00    00000010     UNINITIALIZED
                  00000b00    00000010     DSP2833x_GlobalVariableDefs.obj (AdcMirrorFile)

XintfRegsFile 
*          1    00000b20    0000001e     UNINITIALIZED
                  00000b20    0000001e     DSP2833x_GlobalVariableDefs.obj (XintfRegsFile)

CpuTimer0RegsFile 
*          1    00000c00    00000008     UNINITIALIZED
                  00000c00    00000008     DSP2833x_GlobalVariableDefs.obj (CpuTimer0RegsFile)

CpuTimer1RegsFile 
*          1    00000c08    00000008     UNINITIALIZED
                  00000c08    00000008     DSP2833x_GlobalVariableDefs.obj (CpuTimer1RegsFile)

CpuTimer2RegsFile 
*          1    00000c10    00000008     UNINITIALIZED
                  00000c10    00000008     DSP2833x_GlobalVariableDefs.obj (CpuTimer2RegsFile)

PieCtrlRegsFile 
*          1    00000ce0    0000001a     UNINITIALIZED
                  00000ce0    0000001a     DSP2833x_GlobalVariableDefs.obj (PieCtrlRegsFile)

PieVectTableFile 
*          1    00000d00    00000100     UNINITIALIZED
                  00000d00    00000100     DSP2833x_GlobalVariableDefs.obj (PieVectTableFile)

DmaRegsFile 
*          1    00001000    000000e0     UNINITIALIZED
                  00001000    000000e0     DSP2833x_GlobalVariableDefs.obj (DmaRegsFile)

McbspaRegsFile 
*          1    00005000    00000025     UNINITIALIZED
                  00005000    00000025     DSP2833x_GlobalVariableDefs.obj (McbspaRegsFile)

McbspbRegsFile 
*          1    00005040    00000025     UNINITIALIZED
                  00005040    00000025     DSP2833x_GlobalVariableDefs.obj (McbspbRegsFile)

ECanaRegsFile 
*          1    00006000    00000034     UNINITIALIZED
                  00006000    00000034     DSP2833x_GlobalVariableDefs.obj (ECanaRegsFile)

ECanaLAMRegsFile 
*          1    00006040    00000040     UNINITIALIZED
                  00006040    00000040     DSP2833x_GlobalVariableDefs.obj (ECanaLAMRegsFile)

ECanaMOTSRegsFile 
*          1    00006080    00000040     UNINITIALIZED
                  00006080    00000040     DSP2833x_GlobalVariableDefs.obj (ECanaMOTSRegsFile)

ECanaMOTORegsFile 
*          1    000060c0    00000040     UNINITIALIZED
                  000060c0    00000040     DSP2833x_GlobalVariableDefs.obj (ECanaMOTORegsFile)

ECanaMboxesFile 
*          1    00006100    00000100     UNINITIALIZED
                  00006100    00000100     DSP2833x_GlobalVariableDefs.obj (ECanaMboxesFile)

ECanbRegsFile 
*          1    00006200    00000034     UNINITIALIZED
                  00006200    00000034     DSP2833x_GlobalVariableDefs.obj (ECanbRegsFile)

ECanbLAMRegsFile 
*          1    00006240    00000040     UNINITIALIZED
                  00006240    00000040     DSP2833x_GlobalVariableDefs.obj (ECanbLAMRegsFile)

ECanbMOTSRegsFile 
*          1    00006280    00000040     UNINITIALIZED
                  00006280    00000040     DSP2833x_GlobalVariableDefs.obj (ECanbMOTSRegsFile)

ECanbMOTORegsFile 
*          1    000062c0    00000040     UNINITIALIZED
                  000062c0    00000040     DSP2833x_GlobalVariableDefs.obj (ECanbMOTORegsFile)

ECanbMboxesFile 
*          1    00006300    00000100     UNINITIALIZED
                  00006300    00000100     DSP2833x_GlobalVariableDefs.obj (ECanbMboxesFile)

EPwm1RegsFile 
*          1    00006800    00000022     UNINITIALIZED
                  00006800    00000022     DSP2833x_GlobalVariableDefs.obj (EPwm1RegsFile)

EPwm2RegsFile 
*          1    00006840    00000022     UNINITIALIZED
                  00006840    00000022     DSP2833x_GlobalVariableDefs.obj (EPwm2RegsFile)

EPwm3RegsFile 
*          1    00006880    00000022     UNINITIALIZED
                  00006880    00000022     DSP2833x_GlobalVariableDefs.obj (EPwm3RegsFile)

EPwm4RegsFile 
*          1    000068c0    00000022     UNINITIALIZED
                  000068c0    00000022     DSP2833x_GlobalVariableDefs.obj (EPwm4RegsFile)

EPwm5RegsFile 
*          1    00006900    00000022     UNINITIALIZED
                  00006900    00000022     DSP2833x_GlobalVariableDefs.obj (EPwm5RegsFile)

EPwm6RegsFile 
*          1    00006940    00000022     UNINITIALIZED
                  00006940    00000022     DSP2833x_GlobalVariableDefs.obj (EPwm6RegsFile)

ECap1RegsFile 
*          1    00006a00    00000020     UNINITIALIZED
                  00006a00    00000020     DSP2833x_GlobalVariableDefs.obj (ECap1RegsFile)

ECap2RegsFile 
*          1    00006a20    00000020     UNINITIALIZED
                  00006a20    00000020     DSP2833x_GlobalVariableDefs.obj (ECap2RegsFile)

ECap3RegsFile 
*          1    00006a40    00000020     UNINITIALIZED
                  00006a40    00000020     DSP2833x_GlobalVariableDefs.obj (ECap3RegsFile)

ECap4RegsFile 
*          1    00006a60    00000020     UNINITIALIZED
                  00006a60    00000020     DSP2833x_GlobalVariableDefs.obj (ECap4RegsFile)

ECap5RegsFile 
*          1    00006a80    00000020     UNINITIALIZED
                  00006a80    00000020     DSP2833x_GlobalVariableDefs.obj (ECap5RegsFile)

ECap6RegsFile 
*          1    00006aa0    00000020     UNINITIALIZED
                  00006aa0    00000020     DSP2833x_GlobalVariableDefs.obj (ECap6RegsFile)

EQep1RegsFile 
*          1    00006b00    00000040     UNINITIALIZED
                  00006b00    00000040     DSP2833x_GlobalVariableDefs.obj (EQep1RegsFile)

EQep2RegsFile 
*          1    00006b40    00000040     UNINITIALIZED
                  00006b40    00000040     DSP2833x_GlobalVariableDefs.obj (EQep2RegsFile)

GpioCtrlRegsFile 
*          1    00006f80    0000002e     UNINITIALIZED
                  00006f80    0000002e     DSP2833x_GlobalVariableDefs.obj (GpioCtrlRegsFile)

GpioDataRegsFile 
*          1    00006fc0    00000020     UNINITIALIZED
                  00006fc0    00000020     DSP2833x_GlobalVariableDefs.obj (GpioDataRegsFile)

GpioIntRegsFile 
*          1    00006fe0    0000000a     UNINITIALIZED
                  00006fe0    0000000a     DSP2833x_GlobalVariableDefs.obj (GpioIntRegsFile)

SysCtrlRegsFile 
*          1    00007010    00000020     UNINITIALIZED
                  00007010    00000020     DSP2833x_GlobalVariableDefs.obj (SysCtrlRegsFile)

SpiaRegsFile 
*          1    00007040    00000010     UNINITIALIZED
                  00007040    00000010     DSP2833x_GlobalVariableDefs.obj (SpiaRegsFile)

SciaRegsFile 
*          1    00007050    00000010     UNINITIALIZED
                  00007050    00000010     DSP2833x_GlobalVariableDefs.obj (SciaRegsFile)

XIntruptRegsFile 
*          1    00007070    00000010     UNINITIALIZED
                  00007070    00000010     DSP2833x_GlobalVariableDefs.obj (XIntruptRegsFile)

AdcRegsFile 
*          1    00007100    0000001e     UNINITIALIZED
                  00007100    0000001e     DSP2833x_GlobalVariableDefs.obj (AdcRegsFile)

ScibRegsFile 
*          1    00007750    00000010     UNINITIALIZED
                  00007750    00000010     DSP2833x_GlobalVariableDefs.obj (ScibRegsFile)

ScicRegsFile 
*          1    00007770    00000010     UNINITIALIZED
                  00007770    00000010     DSP2833x_GlobalVariableDefs.obj (ScicRegsFile)

I2caRegsFile 
*          1    00007900    00000022     UNINITIALIZED
                  00007900    00000022     DSP2833x_GlobalVariableDefs.obj (I2caRegsFile)

.ebss      1    0000c000    000002a8     UNINITIALIZED
                  0000c000    00000288     main_old.obj (.ebss)
                  0000c288    00000018     DSP2833x_CpuTimers.obj (.ebss)
                  0000c2a0    00000004     rts2800_fpu32.lib : _lock.obj (.ebss)
                  0000c2a4    00000004                       : exit.obj (.ebss)

.econst    1    0000d000    00000100     
                  0000d000    00000100     DSP2833x_PieVect.obj (.econst)

CsmPwlFile 
*          1    0033fff8    00000008     UNINITIALIZED
                  0033fff8    00000008     DSP2833x_GlobalVariableDefs.obj (CsmPwlFile)

PartIdRegsFile 
*          1    00380090    00000001     UNINITIALIZED
                  00380090    00000001     DSP2833x_GlobalVariableDefs.obj (PartIdRegsFile)


GLOBAL DATA SYMBOLS: SORTED BY DATA PAGE

address     data page           name
--------    ----------------    ----
00000400      10 (00000400)     __stack

00000880      22 (00000880)     _DevEmuRegs

00000a80      2a (00000a80)     _FlashRegs

00000ae0      2b (00000ac0)     _CsmRegs

00000b00      2c (00000b00)     _AdcMirror
00000b20      2c (00000b00)     _XintfRegs

00000c00      30 (00000c00)     _CpuTimer0Regs
00000c08      30 (00000c00)     _CpuTimer1Regs
00000c10      30 (00000c00)     _CpuTimer2Regs

00000ce0      33 (00000cc0)     _PieCtrlRegs

00000d00      34 (00000d00)     _PieVectTable

00001000      40 (00001000)     _DmaRegs

00005000     140 (00005000)     _McbspaRegs

00005040     141 (00005040)     _McbspbRegs

00006000     180 (00006000)     _ECanaRegs

00006040     181 (00006040)     _ECanaLAMRegs

00006080     182 (00006080)     _ECanaMOTSRegs

000060c0     183 (000060c0)     _ECanaMOTORegs

00006100     184 (00006100)     _ECanaMboxes

00006200     188 (00006200)     _ECanbRegs

00006240     189 (00006240)     _ECanbLAMRegs

00006280     18a (00006280)     _ECanbMOTSRegs

000062c0     18b (000062c0)     _ECanbMOTORegs

00006300     18c (00006300)     _ECanbMboxes

00006800     1a0 (00006800)     _EPwm1Regs

00006840     1a1 (00006840)     _EPwm2Regs

00006880     1a2 (00006880)     _EPwm3Regs

000068c0     1a3 (000068c0)     _EPwm4Regs

00006900     1a4 (00006900)     _EPwm5Regs

00006940     1a5 (00006940)     _EPwm6Regs

00006a00     1a8 (00006a00)     _ECap1Regs
00006a20     1a8 (00006a00)     _ECap2Regs

00006a40     1a9 (00006a40)     _ECap3Regs
00006a60     1a9 (00006a40)     _ECap4Regs

00006a80     1aa (00006a80)     _ECap5Regs
00006aa0     1aa (00006a80)     _ECap6Regs

00006b00     1ac (00006b00)     _EQep1Regs

00006b40     1ad (00006b40)     _EQep2Regs

00006f80     1be (00006f80)     _GpioCtrlRegs

00006fc0     1bf (00006fc0)     _GpioDataRegs
00006fe0     1bf (00006fc0)     _GpioIntRegs

00007010     1c0 (00007000)     _SysCtrlRegs

00007040     1c1 (00007040)     _SpiaRegs
00007050     1c1 (00007040)     _SciaRegs
00007070     1c1 (00007040)     _XIntruptRegs

00007100     1c4 (00007100)     _AdcRegs

00007750     1dd (00007740)     _ScibRegs
00007770     1dd (00007740)     _ScicRegs

00007900     1e4 (00007900)     _I2caRegs

0000c000     300 (0000c000)     _Frame_type
0000c001     300 (0000c000)     _f1
0000c002     300 (0000c000)     _seed
0000c003     300 (0000c000)     _f2
0000c004     300 (0000c000)     _Set_regs_data
0000c01c     300 (0000c000)     _rx_buffer

0000c040     301 (0000c040)     _tx_buffer

0000c080     302 (0000c080)     _Slave_response

0000c180     306 (0000c180)     _ModbusModule

0000c288     30a (0000c280)     _CpuTimer1
0000c290     30a (0000c280)     _CpuTimer2
0000c298     30a (0000c280)     _CpuTimer0
0000c2a0     30a (0000c280)     __unlock
0000c2a2     30a (0000c280)     __lock
0000c2a4     30a (0000c280)     ___TI_cleanup_ptr
0000c2a6     30a (0000c280)     ___TI_dtors_ptr

0000d000     340 (0000d000)     _PieVectTableInit

0033fff8    cfff (0033ffc0)     _CsmPwl

00380090    e002 (00380080)     _PartIdRegs


GLOBAL SYMBOLS: SORTED ALPHABETICALLY BY Name 

address    name
--------   ----
00009000   .text
0000a49f   C$$EXIT
0000952d   _ADCINT_ISR
00380080   _ADC_cal
00000b00   _AdcMirror
00007100   _AdcRegs
0000a299   _ConfigCpuTimer
00009101   _ConstructFrame_RTU_Read_HldReg
0000927a   _ConstructFrame_RTU_Read_N_Coil
000092d6   _ConstructFrame_RTU_Set_1_HldReg
000091e1   _ConstructFrame_RTU_Set_N_Coil
0000915d   _ConstructFrame_RTU_Set_N_HldReg
0000c298   _CpuTimer0
00000c00   _CpuTimer0Regs
0000c288   _CpuTimer1
00000c08   _CpuTimer1Regs
0000c290   _CpuTimer2
00000c10   _CpuTimer2Regs
0033fff8   _CsmPwl
00000ae0   _CsmRegs
0000a167   _CsmUnlock
0000941b   _DATALOG_ISR
000096a6   _DINTCH1_ISR
000096b3   _DINTCH2_ISR
000096c0   _DINTCH3_ISR
000096cd   _DINTCH4_ISR
000096da   _DINTCH5_ISR
000096e7   _DINTCH6_ISR
0000980a   _DMACH1AddrConfig
0000981c   _DMACH1BurstConfig
0000984f   _DMACH1ModeConfig
0000982c   _DMACH1TransferConfig
0000983c   _DMACH1WrapConfig
000098b1   _DMACH2AddrConfig
000098c3   _DMACH2BurstConfig
000098f6   _DMACH2ModeConfig
000098d3   _DMACH2TransferConfig
000098e3   _DMACH2WrapConfig
00009958   _DMACH3AddrConfig
0000996a   _DMACH3BurstConfig
0000999d   _DMACH3ModeConfig
0000997a   _DMACH3TransferConfig
0000998a   _DMACH3WrapConfig
000099ff   _DMACH4AddrConfig
00009a11   _DMACH4BurstConfig
00009a44   _DMACH4ModeConfig
00009a21   _DMACH4TransferConfig
00009a31   _DMACH4WrapConfig
00009aa6   _DMACH5AddrConfig
00009ab8   _DMACH5BurstConfig
00009aeb   _DMACH5ModeConfig
00009ac8   _DMACH5TransferConfig
00009ad8   _DMACH5WrapConfig
00009b4d   _DMACH6AddrConfig
00009b5f   _DMACH6BurstConfig
00009b92   _DMACH6ModeConfig
00009b6f   _DMACH6TransferConfig
00009b7f   _DMACH6WrapConfig
000097ff   _DMAInitialize
0000a520   _DSP28x_DisableInt
0000a524   _DSP28x_RestoreInt
00008041   _DSP28x_usDelay
000093cf   _Delay
00000880   _DevEmuRegs
0000a0b8   _DisableDog
00001000   _DmaRegs
0000975c   _ECAN0INTA_ISR
00009776   _ECAN0INTB_ISR
00009769   _ECAN1INTA_ISR
00009783   _ECAN1INTB_ISR
000095f0   _ECAP1_INT_ISR
000095fd   _ECAP2_INT_ISR
0000960a   _ECAP3_INT_ISR
00009617   _ECAP4_INT_ISR
00009624   _ECAP5_INT_ISR
00009631   _ECAP6_INT_ISR
00006040   _ECanaLAMRegs
000060c0   _ECanaMOTORegs
00006080   _ECanaMOTSRegs
00006100   _ECanaMboxes
00006000   _ECanaRegs
00006240   _ECanbLAMRegs
000062c0   _ECanbMOTORegs
00006280   _ECanbMOTSRegs
00006300   _ECanbMboxes
00006200   _ECanbRegs
00006a00   _ECap1Regs
00006a20   _ECap2Regs
00006a40   _ECap3Regs
00006a60   _ECap4Regs
00006a80   _ECap5Regs
00006aa0   _ECap6Regs
00009435   _EMUINT_ISR
000095a2   _EPWM1_INT_ISR
00009554   _EPWM1_TZINT_ISR
000095af   _EPWM2_INT_ISR
00009561   _EPWM2_TZINT_ISR
000095bc   _EPWM3_INT_ISR
0000956e   _EPWM3_TZINT_ISR
000095c9   _EPWM4_INT_ISR
0000957b   _EPWM4_TZINT_ISR
000095d6   _EPWM5_INT_ISR
00009588   _EPWM5_TZINT_ISR
000095e3   _EPWM6_INT_ISR
00009595   _EPWM6_TZINT_ISR
00006800   _EPwm1Regs
00006840   _EPwm2Regs
00006880   _EPwm3Regs
000068c0   _EPwm4Regs
00006900   _EPwm5Regs
00006940   _EPwm6Regs
0000963e   _EQEP1_INT_ISR
0000964b   _EQEP2_INT_ISR
00006b00   _EQep1Regs
00006b40   _EQep2Regs
0000a45d   _EnableInterrupts
00000a80   _FlashRegs
0000c000   _Frame_type
000090d4   _GetCRC16
00006f80   _GpioCtrlRegs
00006fc0   _GpioDataRegs
00006fe0   _GpioIntRegs
000096f4   _I2CINT1A_ISR
00009701   _I2CINT2A_ISR
00007900   _I2caRegs
0000944f   _ILLEGAL_ISR
00009401   _INT13_ISR
0000940e   _INT14_ISR
0000a4fb   _InitAdc
0000a260   _InitCpuTimers
00009d60   _InitECan
00009e63   _InitECanGpio
00009d65   _InitECana
00009e68   _InitECanaGpio
00009de4   _InitECanb
00009e7e   _InitECanbGpio
0000a2d4   _InitECap
0000a2e2   _InitECap1Gpio
0000a2f0   _InitECap2Gpio
0000a2fc   _InitECap3Gpio
0000a308   _InitECap4Gpio
0000a314   _InitECap5Gpio
0000a322   _InitECap6Gpio
0000a2d5   _InitECapGpio
0000a198   _InitEPwm
0000a1a6   _InitEPwm1Gpio
0000a1b8   _InitEPwm2Gpio
0000a1ca   _InitEPwm3Gpio
0000a1de   _InitEPwm4Gpio
0000a1f2   _InitEPwm5Gpio
0000a204   _InitEPwm6Gpio
0000a199   _InitEPwmGpio
0000a216   _InitEPwmSyncGpio
0000a330   _InitEQep
0000a336   _InitEQep1Gpio
0000a360   _InitEQep2Gpio
0000a331   _InitEQepGpio
00008026   _InitFlash
0000a4b8   _InitGpio
0000a4cf   _InitI2C
0000a4d0   _InitI2CGpio
00009bf4   _InitMcbsp
00009ccd   _InitMcbspGpio
00009bf9   _InitMcbspa
00009c58   _InitMcbspa12bit
00009c63   _InitMcbspa16bit
00009c6e   _InitMcbspa20bit
00009c79   _InitMcbspa24bit
00009c84   _InitMcbspa32bit
00009c51   _InitMcbspa8bit
00009cd2   _InitMcbspaGpio
00009c25   _InitMcbspb
00009c96   _InitMcbspb12bit
00009ca1   _InitMcbspb16bit
00009cac   _InitMcbspb20bit
00009cb7   _InitMcbspb24bit
00009cc2   _InitMcbspb32bit
00009c8f   _InitMcbspb8bit
00009d0c   _InitMcbspbGpio
0000a10c   _InitPeripheralClocks
0000a43e   _InitPieCtrl
0000a466   _InitPieVectTable
0000a0c0   _InitPll
0000a386   _InitSci
0000a387   _InitSciGpio
0000a38e   _InitSciaGpio
0000a3a4   _InitScibGpio
0000a3b8   _InitScicGpio
0000a414   _InitSpi
0000a415   _InitSpiGpio
0000a418   _InitSpiaGpio
0000a0a5   _InitSysCtrl
0000a22a   _InitTzGpio
00009faf   _InitXintf
0000a04b   _InitXintf16Gpio
0000a004   _InitXintf32Gpio
000097de   _LUF_ISR
000097d1   _LVF_ISR
0000968c   _MRINTA_ISR
00009672   _MRINTB_ISR
00009699   _MXINTA_ISR
0000967f   _MXINTB_ISR
00005000   _McbspaRegs
00005040   _McbspbRegs
0000a4e6   _MemCopy
0000c180   _ModbusModule
000093e8   _ModbusModule_init
00009442   _NMI_ISR
000097eb   _PIE_RESERVED
00380090   _PartIdRegs
00000ce0   _PieCtrlRegs
00000d00   _PieVectTable
0000d000   _PieVectTableInit
00009428   _RTOSINT_ISR
00009338   _RTU_Master_FrameAnalyse
00009728   _SCIRXINTA_ISR
00009742   _SCIRXINTB_ISR
0000970e   _SCIRXINTC_ISR
00009735   _SCITXINTA_ISR
0000974f   _SCITXINTB_ISR
0000971b   _SCITXINTC_ISR
000094f8   _SEQ1INT_ISR
00009505   _SEQ2INT_ISR
00009658   _SPIRXINTA_ISR
00009665   _SPITXINTA_ISR
00007050   _SciaRegs
00007750   _ScibRegs
00007770   _ScicRegs
0000a0ae   _ServiceDog
0000a527   _SetDBGIER
0000c004   _Set_regs_data
0000c080   _Slave_response
00007040   _SpiaRegs
000098a9   _StartDMACH1
00009950   _StartDMACH2
000099f7   _StartDMACH3
00009a9e   _StartDMACH4
00009b45   _StartDMACH5
00009bec   _StartDMACH6
00007010   _SysCtrlRegs
0000953a   _TINT0_ISR
000094d1   _USER10_ISR
000094de   _USER11_ISR
000094eb   _USER12_ISR
0000945c   _USER1_ISR
00009469   _USER2_ISR
00009476   _USER3_ISR
00009483   _USER4_ISR
00009490   _USER5_ISR
0000949d   _USER6_ISR
000094aa   _USER7_ISR
000094b7   _USER8_ISR
000094c4   _USER9_ISR
00009547   _WAKEINT_ISR
000093d9   _Word_Hi
000093e1   _Word_Lo
00009513   _XINT1_ISR
00009520   _XINT2_ISR
00009790   _XINT3_ISR
0000979d   _XINT4_ISR
000097aa   _XINT5_ISR
000097b7   _XINT6_ISR
000097c4   _XINT7_ISR
00007070   _XIntruptRegs
00000b20   _XintfRegs
00000700   __STACK_END
00000300   __STACK_SIZE
00000001   __TI_args_main
0000c2a4   ___TI_cleanup_ptr
0000c2a6   ___TI_dtors_ptr
ffffffff   ___binit__
ffffffff   ___c_args__
00008000   ___cinit__
0000a52a   ___etext__
ffffffff   ___pinit__
00009000   ___text__
0000a486   __args_main
0000c2a2   __lock
0000a517   __nop
0000a513   __register_lock
0000a50f   __register_unlock
00000400   __stack
0000c2a0   __unlock
0000a49f   _abort
0000a3ce   _c_int00
00009d4a   _clkg_delay_loop
00009d34   _delay_loop
0000a4a1   _exit
0000c001   _f1
0000c003   _f2
00009000   _main
000097f5   _rsvd_ISR
0000c01c   _rx_buffer
00009f31   _scicRxFifoIsr
00009e92   _scicTxFifoIsr
000090b0   _scic_fifo_init
0000c002   _seed
0000c040   _tx_buffer
ffffffff   binit
00008000   cinit
00000000   code_start
0000a52a   etext
ffffffff   pinit


GLOBAL SYMBOLS: SORTED BY Symbol Address 

address    name
--------   ----
00000000   code_start
00000001   __TI_args_main
00000300   __STACK_SIZE
00000400   __stack
00000700   __STACK_END
00000880   _DevEmuRegs
00000a80   _FlashRegs
00000ae0   _CsmRegs
00000b00   _AdcMirror
00000b20   _XintfRegs
00000c00   _CpuTimer0Regs
00000c08   _CpuTimer1Regs
00000c10   _CpuTimer2Regs
00000ce0   _PieCtrlRegs
00000d00   _PieVectTable
00001000   _DmaRegs
00005000   _McbspaRegs
00005040   _McbspbRegs
00006000   _ECanaRegs
00006040   _ECanaLAMRegs
00006080   _ECanaMOTSRegs
000060c0   _ECanaMOTORegs
00006100   _ECanaMboxes
00006200   _ECanbRegs
00006240   _ECanbLAMRegs
00006280   _ECanbMOTSRegs
000062c0   _ECanbMOTORegs
00006300   _ECanbMboxes
00006800   _EPwm1Regs
00006840   _EPwm2Regs
00006880   _EPwm3Regs
000068c0   _EPwm4Regs
00006900   _EPwm5Regs
00006940   _EPwm6Regs
00006a00   _ECap1Regs
00006a20   _ECap2Regs
00006a40   _ECap3Regs
00006a60   _ECap4Regs
00006a80   _ECap5Regs
00006aa0   _ECap6Regs
00006b00   _EQep1Regs
00006b40   _EQep2Regs
00006f80   _GpioCtrlRegs
00006fc0   _GpioDataRegs
00006fe0   _GpioIntRegs
00007010   _SysCtrlRegs
00007040   _SpiaRegs
00007050   _SciaRegs
00007070   _XIntruptRegs
00007100   _AdcRegs
00007750   _ScibRegs
00007770   _ScicRegs
00007900   _I2caRegs
00008000   ___cinit__
00008000   cinit
00008026   _InitFlash
00008041   _DSP28x_usDelay
00009000   .text
00009000   ___text__
00009000   _main
000090b0   _scic_fifo_init
000090d4   _GetCRC16
00009101   _ConstructFrame_RTU_Read_HldReg
0000915d   _ConstructFrame_RTU_Set_N_HldReg
000091e1   _ConstructFrame_RTU_Set_N_Coil
0000927a   _ConstructFrame_RTU_Read_N_Coil
000092d6   _ConstructFrame_RTU_Set_1_HldReg
00009338   _RTU_Master_FrameAnalyse
000093cf   _Delay
000093d9   _Word_Hi
000093e1   _Word_Lo
000093e8   _ModbusModule_init
00009401   _INT13_ISR
0000940e   _INT14_ISR
0000941b   _DATALOG_ISR
00009428   _RTOSINT_ISR
00009435   _EMUINT_ISR
00009442   _NMI_ISR
0000944f   _ILLEGAL_ISR
0000945c   _USER1_ISR
00009469   _USER2_ISR
00009476   _USER3_ISR
00009483   _USER4_ISR
00009490   _USER5_ISR
0000949d   _USER6_ISR
000094aa   _USER7_ISR
000094b7   _USER8_ISR
000094c4   _USER9_ISR
000094d1   _USER10_ISR
000094de   _USER11_ISR
000094eb   _USER12_ISR
000094f8   _SEQ1INT_ISR
00009505   _SEQ2INT_ISR
00009513   _XINT1_ISR
00009520   _XINT2_ISR
0000952d   _ADCINT_ISR
0000953a   _TINT0_ISR
00009547   _WAKEINT_ISR
00009554   _EPWM1_TZINT_ISR
00009561   _EPWM2_TZINT_ISR
0000956e   _EPWM3_TZINT_ISR
0000957b   _EPWM4_TZINT_ISR
00009588   _EPWM5_TZINT_ISR
00009595   _EPWM6_TZINT_ISR
000095a2   _EPWM1_INT_ISR
000095af   _EPWM2_INT_ISR
000095bc   _EPWM3_INT_ISR
000095c9   _EPWM4_INT_ISR
000095d6   _EPWM5_INT_ISR
000095e3   _EPWM6_INT_ISR
000095f0   _ECAP1_INT_ISR
000095fd   _ECAP2_INT_ISR
0000960a   _ECAP3_INT_ISR
00009617   _ECAP4_INT_ISR
00009624   _ECAP5_INT_ISR
00009631   _ECAP6_INT_ISR
0000963e   _EQEP1_INT_ISR
0000964b   _EQEP2_INT_ISR
00009658   _SPIRXINTA_ISR
00009665   _SPITXINTA_ISR
00009672   _MRINTB_ISR
0000967f   _MXINTB_ISR
0000968c   _MRINTA_ISR
00009699   _MXINTA_ISR
000096a6   _DINTCH1_ISR
000096b3   _DINTCH2_ISR
000096c0   _DINTCH3_ISR
000096cd   _DINTCH4_ISR
000096da   _DINTCH5_ISR
000096e7   _DINTCH6_ISR
000096f4   _I2CINT1A_ISR
00009701   _I2CINT2A_ISR
0000970e   _SCIRXINTC_ISR
0000971b   _SCITXINTC_ISR
00009728   _SCIRXINTA_ISR
00009735   _SCITXINTA_ISR
00009742   _SCIRXINTB_ISR
0000974f   _SCITXINTB_ISR
0000975c   _ECAN0INTA_ISR
00009769   _ECAN1INTA_ISR
00009776   _ECAN0INTB_ISR
00009783   _ECAN1INTB_ISR
00009790   _XINT3_ISR
0000979d   _XINT4_ISR
000097aa   _XINT5_ISR
000097b7   _XINT6_ISR
000097c4   _XINT7_ISR
000097d1   _LVF_ISR
000097de   _LUF_ISR
000097eb   _PIE_RESERVED
000097f5   _rsvd_ISR
000097ff   _DMAInitialize
0000980a   _DMACH1AddrConfig
0000981c   _DMACH1BurstConfig
0000982c   _DMACH1TransferConfig
0000983c   _DMACH1WrapConfig
0000984f   _DMACH1ModeConfig
000098a9   _StartDMACH1
000098b1   _DMACH2AddrConfig
000098c3   _DMACH2BurstConfig
000098d3   _DMACH2TransferConfig
000098e3   _DMACH2WrapConfig
000098f6   _DMACH2ModeConfig
00009950   _StartDMACH2
00009958   _DMACH3AddrConfig
0000996a   _DMACH3BurstConfig
0000997a   _DMACH3TransferConfig
0000998a   _DMACH3WrapConfig
0000999d   _DMACH3ModeConfig
000099f7   _StartDMACH3
000099ff   _DMACH4AddrConfig
00009a11   _DMACH4BurstConfig
00009a21   _DMACH4TransferConfig
00009a31   _DMACH4WrapConfig
00009a44   _DMACH4ModeConfig
00009a9e   _StartDMACH4
00009aa6   _DMACH5AddrConfig
00009ab8   _DMACH5BurstConfig
00009ac8   _DMACH5TransferConfig
00009ad8   _DMACH5WrapConfig
00009aeb   _DMACH5ModeConfig
00009b45   _StartDMACH5
00009b4d   _DMACH6AddrConfig
00009b5f   _DMACH6BurstConfig
00009b6f   _DMACH6TransferConfig
00009b7f   _DMACH6WrapConfig
00009b92   _DMACH6ModeConfig
00009bec   _StartDMACH6
00009bf4   _InitMcbsp
00009bf9   _InitMcbspa
00009c25   _InitMcbspb
00009c51   _InitMcbspa8bit
00009c58   _InitMcbspa12bit
00009c63   _InitMcbspa16bit
00009c6e   _InitMcbspa20bit
00009c79   _InitMcbspa24bit
00009c84   _InitMcbspa32bit
00009c8f   _InitMcbspb8bit
00009c96   _InitMcbspb12bit
00009ca1   _InitMcbspb16bit
00009cac   _InitMcbspb20bit
00009cb7   _InitMcbspb24bit
00009cc2   _InitMcbspb32bit
00009ccd   _InitMcbspGpio
00009cd2   _InitMcbspaGpio
00009d0c   _InitMcbspbGpio
00009d34   _delay_loop
00009d4a   _clkg_delay_loop
00009d60   _InitECan
00009d65   _InitECana
00009de4   _InitECanb
00009e63   _InitECanGpio
00009e68   _InitECanaGpio
00009e7e   _InitECanbGpio
00009e92   _scicTxFifoIsr
00009f31   _scicRxFifoIsr
00009faf   _InitXintf
0000a004   _InitXintf32Gpio
0000a04b   _InitXintf16Gpio
0000a0a5   _InitSysCtrl
0000a0ae   _ServiceDog
0000a0b8   _DisableDog
0000a0c0   _InitPll
0000a10c   _InitPeripheralClocks
0000a167   _CsmUnlock
0000a198   _InitEPwm
0000a199   _InitEPwmGpio
0000a1a6   _InitEPwm1Gpio
0000a1b8   _InitEPwm2Gpio
0000a1ca   _InitEPwm3Gpio
0000a1de   _InitEPwm4Gpio
0000a1f2   _InitEPwm5Gpio
0000a204   _InitEPwm6Gpio
0000a216   _InitEPwmSyncGpio
0000a22a   _InitTzGpio
0000a260   _InitCpuTimers
0000a299   _ConfigCpuTimer
0000a2d4   _InitECap
0000a2d5   _InitECapGpio
0000a2e2   _InitECap1Gpio
0000a2f0   _InitECap2Gpio
0000a2fc   _InitECap3Gpio
0000a308   _InitECap4Gpio
0000a314   _InitECap5Gpio
0000a322   _InitECap6Gpio
0000a330   _InitEQep
0000a331   _InitEQepGpio
0000a336   _InitEQep1Gpio
0000a360   _InitEQep2Gpio
0000a386   _InitSci
0000a387   _InitSciGpio
0000a38e   _InitSciaGpio
0000a3a4   _InitScibGpio
0000a3b8   _InitScicGpio
0000a3ce   _c_int00
0000a414   _InitSpi
0000a415   _InitSpiGpio
0000a418   _InitSpiaGpio
0000a43e   _InitPieCtrl
0000a45d   _EnableInterrupts
0000a466   _InitPieVectTable
0000a486   __args_main
0000a49f   C$$EXIT
0000a49f   _abort
0000a4a1   _exit
0000a4b8   _InitGpio
0000a4cf   _InitI2C
0000a4d0   _InitI2CGpio
0000a4e6   _MemCopy
0000a4fb   _InitAdc
0000a50f   __register_unlock
0000a513   __register_lock
0000a517   __nop
0000a520   _DSP28x_DisableInt
0000a524   _DSP28x_RestoreInt
0000a527   _SetDBGIER
0000a52a   ___etext__
0000a52a   etext
0000c000   _Frame_type
0000c001   _f1
0000c002   _seed
0000c003   _f2
0000c004   _Set_regs_data
0000c01c   _rx_buffer
0000c040   _tx_buffer
0000c080   _Slave_response
0000c180   _ModbusModule
0000c288   _CpuTimer1
0000c290   _CpuTimer2
0000c298   _CpuTimer0
0000c2a0   __unlock
0000c2a2   __lock
0000c2a4   ___TI_cleanup_ptr
0000c2a6   ___TI_dtors_ptr
0000d000   _PieVectTableInit
0033fff8   _CsmPwl
00380080   _ADC_cal
00380090   _PartIdRegs
ffffffff   ___binit__
ffffffff   ___c_args__
ffffffff   ___pinit__
ffffffff   binit
ffffffff   pinit

[303 symbols]
